ONP: error 
INF: x = a * ( b * c ) 
INF: a ^ b ^ c 
ONP: d p ~ / 
ONP: x a b c * * = 
INF: error 
ONP: a 
INF: error 
ONP: error 
INF: x = a + ( a - b + c ) 
INF: error 
ONP: y a b x v ^ + e - * c / - d p ~ / + 
ONP: y a b x v ^ + e - * c / - d p ~ / + 
INF: a * ~ a 
