ONP: a ~ b ~ ~ + c ~ / ~ d ~ * ~ e ~ ^ ~ 
ONP: a b c * + x y / z - ^ 
ONP: y a b x v ^ + e - * c / - d p ~ / + 
ONP: b a b + c d ^ * = 
ONP: m n + b v - c x * z a / + + + s d ^ ^ f = g ^ h = 
ONP: error 
ONP: error 
ONP: error 
ONP: error 
ONP: error 
ONP: error 
ONP: d f g > h j k l q w e r > t y u i o p + - * ^ / < = + - * ^ / < = 
ONP: a b * 
ONP: a b * ~ ~ ~ ~ 
ONP: a b c * * 
ONP: a b c d * * * 
ONP: a b c d = = = 
ONP: a b c d ^ ^ = 
ONP: a b + c d ^ = 
ONP: a b c d + - * 
ONP: a b c d + * - 
ONP: s e r = * 
ONP: error 
ONP: error 
ONP: a b ~ * 
ONP: error 
ONP: a b ~ * 
ONP: error 
ONP: x a a b - c + + = 
ONP: error 
