Train a does not exist
Train a does not exist
Train a does not exist
Trains:
Train a does not exist
Train a does not exist
Train a does not exist
Train a does not exist